---
source: crates/analyzer/tests/errors.rs
expression: "error_string(\"[snippet]\", &src)"

---
error: `Map` key must be a primitive type
  ┌─ [snippet]:3:10
  │
3 │   x: Map<Map<u8, u8>, address>
  │          ^^^^^^^^^^^ this can't be used as a Map key

error: invalid variable type
  ┌─ [snippet]:3:6
  │
3 │   x: Map<Map<u8, u8>, address>
  │      ^^^^^^^^^^^^^^^^^^^^^^^^^ `Map` type can only be used as a contract field


