---
source: crates/analyzer/tests/errors.rs
expression: "error_string(\"[snippet]\", &src)"

---
error: `Map` expects 2 arguments, but 0 were provided
  ┌─ [snippet]:3:6
  │
3 │   x: Map<>
  │      ^^^-- supplied 0 arguments
  │      │   
  │      expects 2 arguments

error: invalid variable type
  ┌─ [snippet]:3:6
  │
3 │   x: Map<>
  │      ^^^^^ `Map` type can only be used as a contract field


